C51 COMPILER V9.60.7.0   MAIN                                                              09/28/2026 10:23:09 PAGE 1   


C51 COMPILER V9.60.7.0, COMPILATION OF MODULE MAIN
OBJECT MODULE PLACED IN .\Objects\main.obj
COMPILER INVOKED BY: C:\C51\BIN\C51.EXE main.c OPTIMIZE(8,SPEED) BROWSE DEBUG OBJECTEXTEND PRINT(.\Listings\main.lst) TA
                    -BS(2) OBJECT(.\Objects\main.obj)

line level    source

   1          #include<reg52.h>
   2          #include"delay.h"   //??????bstv51.h(delay.h)
   3          
   4          void main(void)
   5          {
   6   1        while(1)
   7   1        {
   8   2          P1 = 0x55;   //???01010101,?1?3?5?7?(?????)
   9   2          delay(500);  //??500ms
  10   2          
  11   2          P1 = 0xAA;   //???10101010,?2?4?6?8?
  12   2          delay(500);  //??500ms
  13   2        }
  14   1      }


MODULE INFORMATION:   STATIC OVERLAYABLE
   CODE SIZE        =     52    ----
   CONSTANT SIZE    =   ----    ----
   XDATA SIZE       =   ----    ----
   PDATA SIZE       =   ----    ----
   DATA SIZE        =   ----    ----
   IDATA SIZE       =   ----    ----
   BIT SIZE         =   ----    ----
END OF MODULE INFORMATION.


C51 COMPILATION COMPLETE.  0 WARNING(S),  0 ERROR(S)
